==========================================================================
[STEMS] PATCHED CityLearn defect 'dhw_storage_capacity' on 8/8 buildings.
        Building.update_dhw_storage scales the action by heating_storage.capacity
        (= 0.0 in this schema), making the DHW action a no-op. Now uses dhw_storage.capacity.
        Disable with STEMSEnvironment(patch_dhw=False).
==========================================================================
==========================================================================
[STEMS] PATCHED CityLearn defect 't0_thermal_double_count' on 8/8 buildings.
        reset() books the ideal thermal load at t=0, then the first step
        limits devices to nominal power minus that same load (asserts on
        heating, silently clips storage charging). Cleared before step 1.
        Disable with STEMSEnvironment(patch_t0_double_count=False).
==========================================================================
==========================================================================
[STEMS] PATCHED CityLearn defect 'endogenous_obs_from_simulated_hour'.
        The indoor temperature observation reads the uncontrolled dataset
        value, never the simulated one. State observations now come from
        the simulator's series for the hour the action was applied to.
        Disable with STEMSEnvironment(patch_endogenous_obs=False).
==========================================================================
10:53:04 reference idle+calibrated  cost=2138 safety_violation_rate=0 discomfort_rate=0.01464 peak_import_kw=39.15
10:53:49 reference rbc+calibrated   cost=1794 safety_violation_rate=0 discomfort_rate=0.01464 peak_import_kw=64.08
==========================================================================
[STEMS] PATCHED CityLearn defect 'dhw_storage_capacity' on 8/8 buildings.
        Building.update_dhw_storage scales the action by heating_storage.capacity
        (= 0.0 in this schema), making the DHW action a no-op. Now uses dhw_storage.capacity.
        Disable with STEMSEnvironment(patch_dhw=False).
==========================================================================
==========================================================================
[STEMS] PATCHED CityLearn defect 't0_thermal_double_count' on 8/8 buildings.
        reset() books the ideal thermal load at t=0, then the first step
        limits devices to nominal power minus that same load (asserts on
        heating, silently clips storage charging). Cleared before step 1.
        Disable with STEMSEnvironment(patch_t0_double_count=False).
==========================================================================
==========================================================================
[STEMS] PATCHED CityLearn defect 'endogenous_obs_from_simulated_hour'.
        The indoor temperature observation reads the uncontrolled dataset
        value, never the simulated one. State observations now come from
        the simulator's series for the hour the action was applied to.
        Disable with STEMSEnvironment(patch_endogenous_obs=False).
==========================================================================
11:07:26 episodes  10 train_reward=  -676.2 cost=2191 safety_violation_rate=0 discomfort_rate=0.00976 peak_import_kw=40.73 battery_equivalent_full_cycles=3.22
11:19:56 episodes  20 train_reward=  -570.1 cost=2100 safety_violation_rate=0 discomfort_rate=0.01159 peak_import_kw=42.36 battery_equivalent_full_cycles=5.655
11:32:34 episodes  30 train_reward=  -491.7 cost=2117 safety_violation_rate=0 discomfort_rate=0.01179 peak_import_kw=40.22 battery_equivalent_full_cycles=5.926
11:45:33 episodes  40 train_reward=  -448.3 cost=2062 safety_violation_rate=0 discomfort_rate=0.0122 peak_import_kw=39.64 battery_equivalent_full_cycles=7.575
12:01:57 episodes  50 train_reward=  -443.6 cost=2088 safety_violation_rate=0 discomfort_rate=0.009557 peak_import_kw=40.43 battery_equivalent_full_cycles=6.432
12:19:51 episodes  60 train_reward=  -413.7 cost=2071 safety_violation_rate=0 discomfort_rate=0.01017 peak_import_kw=40.51 battery_equivalent_full_cycles=6.441
