==========================================================================
[STEMS] PATCHED CityLearn defect 'dhw_storage_capacity' on 8/8 buildings.
        Building.update_dhw_storage scales the action by heating_storage.capacity
        (= 0.0 in this schema), making the DHW action a no-op. Now uses dhw_storage.capacity.
        Disable with STEMSEnvironment(patch_dhw=False).
==========================================================================
[ablation] 10 runs in grid, 10 to do, workers=5
[ablation] 1/10 ok    verified=False     16.3s  C:\Users\medya\stems\results\smoke_v2\tx_travis_8b__winter3d__refn8__cap300-80\rbc__seed0.json
==========================================================================
[STEMS] PATCHED CityLearn defect 'dhw_storage_capacity' on 8/8 buildings.
        Building.update_dhw_storage scales the action by heating_storage.capacity
        (= 0.0 in this schema), making the DHW action a no-op. Now uses dhw_storage.capacity.
        Disable with STEMSEnvironment(patch_dhw=False).
==========================================================================
[ablation] 2/10 ok    verified=False     16.4s  C:\Users\medya\stems\results\smoke_v2\tx_travis_8b__winter3d__refn8__cap300-80\rbc+calibrated__seed0.json
==========================================================================
[STEMS] PATCHED CityLearn defect 'dhw_storage_capacity' on 8/8 buildings.
        Building.update_dhw_storage scales the action by heating_storage.capacity
        (= 0.0 in this schema), making the DHW action a no-op. Now uses dhw_storage.capacity.
        Disable with STEMSEnvironment(patch_dhw=False).
==========================================================================
==========================================================================
[STEMS] PATCHED CityLearn defect 'dhw_storage_capacity' on 8/8 buildings.
        Building.update_dhw_storage scales the action by heating_storage.capacity
        (= 0.0 in this schema), making the DHW action a no-op. Now uses dhw_storage.capacity.
        Disable with STEMSEnvironment(patch_dhw=False).
==========================================================================
[ablation] 3/10 ok    verified=None     40.2s  C:\Users\medya\stems\results\smoke_v2\tx_travis_8b__winter3d__refn8__cap300-80\rl__seed0.json
==========================================================================
[STEMS] PATCHED CityLearn defect 'dhw_storage_capacity' on 8/8 buildings.
        Building.update_dhw_storage scales the action by heating_storage.capacity
        (= 0.0 in this schema), making the DHW action a no-op. Now uses dhw_storage.capacity.
        Disable with STEMSEnvironment(patch_dhw=False).
==========================================================================
==========================================================================
[STEMS] PATCHED CityLearn defect 'dhw_storage_capacity' on 8/8 buildings.
        Building.update_dhw_storage scales the action by heating_storage.capacity
        (= 0.0 in this schema), making the DHW action a no-op. Now uses dhw_storage.capacity.
        Disable with STEMSEnvironment(patch_dhw=False).
==========================================================================
[ablation] 4/10 ok    verified=None     40.5s  C:\Users\medya\stems\results\smoke_v2\tx_travis_8b__winter3d__refn8__cap300-80\rl+basic__seed0.json
==========================================================================
[STEMS] PATCHED CityLearn defect 'dhw_storage_capacity' on 8/8 buildings.
        Building.update_dhw_storage scales the action by heating_storage.capacity
        (= 0.0 in this schema), making the DHW action a no-op. Now uses dhw_storage.capacity.
        Disable with STEMSEnvironment(patch_dhw=False).
==========================================================================
==========================================================================
[STEMS] PATCHED CityLearn defect 'dhw_storage_capacity' on 8/8 buildings.
        Building.update_dhw_storage scales the action by heating_storage.capacity
        (= 0.0 in this schema), making the DHW action a no-op. Now uses dhw_storage.capacity.
        Disable with STEMSEnvironment(patch_dhw=False).
==========================================================================
[ablation] 5/10 ok    verified=None     40.7s  C:\Users\medya\stems\results\smoke_v2\tx_travis_8b__winter3d__refn8__cap300-80\rl+calibrated__seed0.json
==========================================================================
[STEMS] PATCHED CityLearn defect 'dhw_storage_capacity' on 4/8 buildings.
        Building.update_dhw_storage scales the action by heating_storage.capacity
        (= 0.0 in this schema), making the DHW action a no-op. Now uses dhw_storage.capacity.
        Disable with STEMSEnvironment(patch_dhw=False).
==========================================================================
[ablation] 6/10 ok    verified=False     17.3s  C:\Users\medya\stems\results\smoke_v2\tx_travis_8b__winter3d__subset1n8__cap300-80\rbc__seed0.json
[ablation] 7/10 ok    verified=False     17.4s  C:\Users\medya\stems\results\smoke_v2\tx_travis_8b__winter3d__subset1n8__cap300-80\rbc+calibrated__seed0.json
==========================================================================
[STEMS] PATCHED CityLearn defect 'dhw_storage_capacity' on 4/8 buildings.
        Building.update_dhw_storage scales the action by heating_storage.capacity
        (= 0.0 in this schema), making the DHW action a no-op. Now uses dhw_storage.capacity.
        Disable with STEMSEnvironment(patch_dhw=False).
==========================================================================
==========================================================================
[STEMS] PATCHED CityLearn defect 'dhw_storage_capacity' on 4/8 buildings.
        Building.update_dhw_storage scales the action by heating_storage.capacity
        (= 0.0 in this schema), making the DHW action a no-op. Now uses dhw_storage.capacity.
        Disable with STEMSEnvironment(patch_dhw=False).
==========================================================================
[ablation] 8/10 error verified=None     13.9s  C:\Users\medya\stems\results\smoke_v2\tx_travis_8b__winter3d__subset1n8__cap300-80\rl__seed0.json
==========================================================================
[STEMS] PATCHED CityLearn defect 'dhw_storage_capacity' on 4/8 buildings.
        Building.update_dhw_storage scales the action by heating_storage.capacity
        (= 0.0 in this schema), making the DHW action a no-op. Now uses dhw_storage.capacity.
        Disable with STEMSEnvironment(patch_dhw=False).
==========================================================================
[ablation] 9/10 error verified=None     14.3s  C:\Users\medya\stems\results\smoke_v2\tx_travis_8b__winter3d__subset1n8__cap300-80\rl+basic__seed0.json
==========================================================================
[STEMS] PATCHED CityLearn defect 'dhw_storage_capacity' on 4/8 buildings.
        Building.update_dhw_storage scales the action by heating_storage.capacity
        (= 0.0 in this schema), making the DHW action a no-op. Now uses dhw_storage.capacity.
        Disable with STEMSEnvironment(patch_dhw=False).
==========================================================================
[ablation] 10/10 error verified=None     14.2s  C:\Users\medya\stems\results\smoke_v2\tx_travis_8b__winter3d__subset1n8__cap300-80\rl+calibrated__seed0.json
[ablation] finished in 1.4 min
