[ctde] schema=citylearn_schemas/tx_travis_8b_ev/schema.json
[ctde] episodes=8 steps=1200 seeds=[0, 1] caps=[80.0, 30.0]
[ctde] one knob: graph adjacency on (CTDE-like) vs zeroed (DTDE).
[ctde] shield coordination=independent, so coordination must be learned.
[ctde] NOTE: vehicle schedules are synthetic; buildings are real.

[ctde] cap=80kW graph=on  seed=0
==========================================================================
[STEMS] PATCHED CityLearn defect 'dhw_storage_capacity' on 8/8 buildings.
        Building.update_dhw_storage scales the action by heating_storage.capacity
        (= 0.0 in this schema), making the DHW action a no-op. Now uses dhw_storage.capacity.
        Disable with STEMSEnvironment(patch_dhw=False).
==========================================================================
      ep  1/8  reward=    650.1  viol=0.000  (54s)
      ep  2/8  reward=    644.9  viol=0.000  (61s)
      ep  3/8  reward=    643.6  viol=0.000  (59s)
      ep  4/8  reward=    653.5  viol=0.000  (64s)
      ep  5/8  reward=    649.9  viol=0.000  (70s)
      ep  6/8  reward=    648.3  viol=0.000  (58s)
      ep  7/8  reward=    651.6  viol=0.000  (57s)
      ep  8/8  reward=    653.1  viol=0.000  (51s)
      -> missed 228/234 (0.974)  viol=0.000  peak=70.2  cost=3729

[ctde] cap=80kW graph=on  seed=1
==========================================================================
[STEMS] PATCHED CityLearn defect 'dhw_storage_capacity' on 8/8 buildings.
        Building.update_dhw_storage scales the action by heating_storage.capacity
        (= 0.0 in this schema), making the DHW action a no-op. Now uses dhw_storage.capacity.
        Disable with STEMSEnvironment(patch_dhw=False).
==========================================================================
      ep  1/8  reward=    647.7  viol=0.000  (52s)
      ep  2/8  reward=    638.2  viol=0.000  (53s)
      ep  3/8  reward=    651.7  viol=0.000  (52s)
      ep  4/8  reward=    652.5  viol=0.000  (51s)
      ep  5/8  reward=    649.1  viol=0.000  (67s)
      ep  6/8  reward=    651.4  viol=0.000  (59s)
      ep  7/8  reward=    648.4  viol=0.000  (55s)
      ep  8/8  reward=    658.9  viol=0.000  (56s)
      -> missed 228/234 (0.974)  viol=0.000  peak=70.2  cost=3729

[ctde] cap=80kW graph=off seed=0
==========================================================================
[STEMS] PATCHED CityLearn defect 'dhw_storage_capacity' on 8/8 buildings.
        Building.update_dhw_storage scales the action by heating_storage.capacity
        (= 0.0 in this schema), making the DHW action a no-op. Now uses dhw_storage.capacity.
        Disable with STEMSEnvironment(patch_dhw=False).
==========================================================================
      ep  1/8  reward=    649.8  viol=0.000  (58s)
      ep  2/8  reward=    644.8  viol=0.000  (58s)
      ep  3/8  reward=    643.5  viol=0.000  (57s)
      ep  4/8  reward=    653.5  viol=0.000  (54s)
      ep  5/8  reward=    649.8  viol=0.000  (54s)
      ep  6/8  reward=    648.3  viol=0.000  (58s)
      ep  7/8  reward=    651.6  viol=0.000  (58s)
      ep  8/8  reward=    653.1  viol=0.000  (55s)
      -> missed 228/234 (0.974)  viol=0.000  peak=70.2  cost=3729

[ctde] cap=80kW graph=off seed=1
==========================================================================
[STEMS] PATCHED CityLearn defect 'dhw_storage_capacity' on 8/8 buildings.
        Building.update_dhw_storage scales the action by heating_storage.capacity
        (= 0.0 in this schema), making the DHW action a no-op. Now uses dhw_storage.capacity.
        Disable with STEMSEnvironment(patch_dhw=False).
==========================================================================
      ep  1/8  reward=    646.5  viol=0.000  (54s)
      ep  2/8  reward=    638.1  viol=0.000  (54s)
      ep  3/8  reward=    651.8  viol=0.000  (53s)
      ep  4/8  reward=    652.5  viol=0.000  (55s)
      ep  5/8  reward=    649.1  viol=0.000  (54s)
      ep  6/8  reward=    651.5  viol=0.000  (63s)
      ep  7/8  reward=    648.5  viol=0.000  (61s)
      ep  8/8  reward=    659.1  viol=0.000  (58s)
      -> missed 228/234 (0.974)  viol=0.000  peak=70.2  cost=3729

[ctde] cap=30kW graph=on  seed=0
==========================================================================
[STEMS] PATCHED CityLearn defect 'dhw_storage_capacity' on 8/8 buildings.
        Building.update_dhw_storage scales the action by heating_storage.capacity
        (= 0.0 in this schema), making the DHW action a no-op. Now uses dhw_storage.capacity.
        Disable with STEMSEnvironment(patch_dhw=False).
==========================================================================
      ep  1/8  reward=    447.0  viol=0.079  (68s)
      ep  2/8  reward=    441.0  viol=0.079  (67s)
      ep  3/8  reward=    441.1  viol=0.085  (90s)
      ep  4/8  reward=    451.9  viol=0.073  (106s)
      ep  5/8  reward=    449.7  viol=0.069  (106s)
      ep  6/8  reward=    444.7  viol=0.079  (104s)
      ep  7/8  reward=    448.6  viol=0.072  (104s)
      ep  8/8  reward=    452.0  viol=0.072  (106s)
      -> missed 228/234 (0.974)  viol=0.111  peak=70.2  cost=3729

[ctde] cap=30kW graph=on  seed=1
==========================================================================
[STEMS] PATCHED CityLearn defect 'dhw_storage_capacity' on 8/8 buildings.
        Building.update_dhw_storage scales the action by heating_storage.capacity
        (= 0.0 in this schema), making the DHW action a no-op. Now uses dhw_storage.capacity.
        Disable with STEMSEnvironment(patch_dhw=False).
==========================================================================
      ep  1/8  reward=    446.5  viol=0.083  (105s)
      ep  2/8  reward=    437.2  viol=0.083  (103s)
      ep  3/8  reward=    449.1  viol=0.068  (106s)
      ep  4/8  reward=    450.9  viol=0.077  (71s)
      ep  5/8  reward=    446.7  viol=0.074  (65s)
      ep  6/8  reward=    447.4  viol=0.070  (65s)
      ep  7/8  reward=    444.7  viol=0.075  (102s)
      ep  8/8  reward=    456.0  viol=0.067  (105s)
      -> missed 228/234 (0.974)  viol=0.111  peak=70.2  cost=3729

[ctde] cap=30kW graph=off seed=0
==========================================================================
[STEMS] PATCHED CityLearn defect 'dhw_storage_capacity' on 8/8 buildings.
        Building.update_dhw_storage scales the action by heating_storage.capacity
        (= 0.0 in this schema), making the DHW action a no-op. Now uses dhw_storage.capacity.
        Disable with STEMSEnvironment(patch_dhw=False).
==========================================================================
      ep  1/8  reward=    446.6  viol=0.076  (105s)
      ep  2/8  reward=    441.0  viol=0.079  (88s)
      ep  3/8  reward=    441.1  viol=0.085  (58s)
      ep  4/8  reward=    451.9  viol=0.073  (53s)
      ep  5/8  reward=    449.7  viol=0.069  (60s)
      ep  6/8  reward=    444.7  viol=0.079  (48s)
      ep  7/8  reward=    448.6  viol=0.072  (48s)
      ep  8/8  reward=    452.0  viol=0.072  (51s)
      -> missed 228/234 (0.974)  viol=0.111  peak=70.2  cost=3729

[ctde] cap=30kW graph=off seed=1
==========================================================================
[STEMS] PATCHED CityLearn defect 'dhw_storage_capacity' on 8/8 buildings.
        Building.update_dhw_storage scales the action by heating_storage.capacity
        (= 0.0 in this schema), making the DHW action a no-op. Now uses dhw_storage.capacity.
        Disable with STEMSEnvironment(patch_dhw=False).
==========================================================================
      ep  1/8  reward=    445.3  viol=0.085  (50s)
      ep  2/8  reward=    437.2  viol=0.083  (50s)
      ep  3/8  reward=    449.1  viol=0.068  (50s)
      ep  4/8  reward=    450.8  viol=0.078  (49s)
      ep  5/8  reward=    446.7  viol=0.074  (54s)
      ep  6/8  reward=    447.5  viol=0.071  (60s)
      ep  7/8  reward=    444.8  viol=0.076  (57s)
      ep  8/8  reward=    456.2  viol=0.067  (61s)
      -> missed 228/234 (0.974)  viol=0.111  peak=70.2  cost=3729


==============================================================================
   cap  graph   missed rate     viol     peak       cost
------------------------------------------------------------------------------
    80     on 0.974+/-0.000    0.000     70.2       3729
    80    off 0.974+/-0.000    0.000     70.2       3729
    30     on 0.974+/-0.000    0.111     70.2       3729
    30    off 0.974+/-0.000    0.111     70.2       3729
==============================================================================
[ctde] wrote ctde_study_results.json
