[coupling] schema=citylearn_schemas/tx_travis_8b_ev/schema.json
[coupling] steps=1500 seeds=[0]
[coupling] caps=[80.0, 60.0, 45.0, 35.0, 30.0, 25.0, 20.0, 15.0]

[coupling] NOTE: vehicle schedules are synthetic; buildings are real.

==========================================================================
[STEMS] PATCHED CityLearn defect 'dhw_storage_capacity' on 8/8 buildings.
        Building.update_dhw_storage scales the action by heating_storage.capacity
        (= 0.0 in this schema), making the DHW action a no-op. Now uses dhw_storage.capacity.
        Disable with STEMSEnvironment(patch_dhw=False).
==========================================================================
  cap= 80.0kW independent | infeas=0.000 missed=  3/298 (0.010) at_risk=0.000 gridviol=0.000 peak= 73.4 cost= 6245.4
==========================================================================
[STEMS] PATCHED CityLearn defect 'dhw_storage_capacity' on 8/8 buildings.
        Building.update_dhw_storage scales the action by heating_storage.capacity
        (= 0.0 in this schema), making the DHW action a no-op. Now uses dhw_storage.capacity.
        Disable with STEMSEnvironment(patch_dhw=False).
==========================================================================
  cap= 80.0kW proportional | infeas=0.000 missed=  3/298 (0.010) at_risk=0.001 gridviol=0.000 peak= 73.4 cost= 6187.3
==========================================================================
[STEMS] PATCHED CityLearn defect 'dhw_storage_capacity' on 8/8 buildings.
        Building.update_dhw_storage scales the action by heating_storage.capacity
        (= 0.0 in this schema), making the DHW action a no-op. Now uses dhw_storage.capacity.
        Disable with STEMSEnvironment(patch_dhw=False).
==========================================================================
  cap= 80.0kW         edf | infeas=0.000 missed=  4/298 (0.013) at_risk=0.001 gridviol=0.000 peak= 73.4 cost= 6200.3

==========================================================================
[STEMS] PATCHED CityLearn defect 'dhw_storage_capacity' on 8/8 buildings.
        Building.update_dhw_storage scales the action by heating_storage.capacity
        (= 0.0 in this schema), making the DHW action a no-op. Now uses dhw_storage.capacity.
        Disable with STEMSEnvironment(patch_dhw=False).
==========================================================================
  cap= 60.0kW independent | infeas=0.000 missed=  3/298 (0.010) at_risk=0.000 gridviol=0.013 peak= 73.4 cost= 6245.4
==========================================================================
[STEMS] PATCHED CityLearn defect 'dhw_storage_capacity' on 8/8 buildings.
        Building.update_dhw_storage scales the action by heating_storage.capacity
        (= 0.0 in this schema), making the DHW action a no-op. Now uses dhw_storage.capacity.
        Disable with STEMSEnvironment(patch_dhw=False).
==========================================================================
  cap= 60.0kW proportional | infeas=0.000 missed=  1/298 (0.003) at_risk=0.000 gridviol=0.000 peak= 58.8 cost= 6005.8
==========================================================================
[STEMS] PATCHED CityLearn defect 'dhw_storage_capacity' on 8/8 buildings.
        Building.update_dhw_storage scales the action by heating_storage.capacity
        (= 0.0 in this schema), making the DHW action a no-op. Now uses dhw_storage.capacity.
        Disable with STEMSEnvironment(patch_dhw=False).
==========================================================================
  cap= 60.0kW         edf | infeas=0.000 missed=  1/298 (0.003) at_risk=0.000 gridviol=0.000 peak= 55.8 cost= 6020.5

==========================================================================
[STEMS] PATCHED CityLearn defect 'dhw_storage_capacity' on 8/8 buildings.
        Building.update_dhw_storage scales the action by heating_storage.capacity
        (= 0.0 in this schema), making the DHW action a no-op. Now uses dhw_storage.capacity.
        Disable with STEMSEnvironment(patch_dhw=False).
==========================================================================
  cap= 45.0kW independent | infeas=0.000 missed=  3/298 (0.010) at_risk=0.000 gridviol=0.065 peak= 73.4 cost= 6245.4
==========================================================================
[STEMS] PATCHED CityLearn defect 'dhw_storage_capacity' on 8/8 buildings.
        Building.update_dhw_storage scales the action by heating_storage.capacity
        (= 0.0 in this schema), making the DHW action a no-op. Now uses dhw_storage.capacity.
        Disable with STEMSEnvironment(patch_dhw=False).
==========================================================================
  cap= 45.0kW proportional | infeas=0.000 missed=  6/298 (0.020) at_risk=0.002 gridviol=0.001 peak= 45.3 cost= 5777.1
==========================================================================
[STEMS] PATCHED CityLearn defect 'dhw_storage_capacity' on 8/8 buildings.
        Building.update_dhw_storage scales the action by heating_storage.capacity
        (= 0.0 in this schema), making the DHW action a no-op. Now uses dhw_storage.capacity.
        Disable with STEMSEnvironment(patch_dhw=False).
==========================================================================
  cap= 45.0kW         edf | infeas=0.000 missed=  5/298 (0.017) at_risk=0.001 gridviol=0.000 peak= 44.9 cost= 5790.1

==========================================================================
[STEMS] PATCHED CityLearn defect 'dhw_storage_capacity' on 8/8 buildings.
        Building.update_dhw_storage scales the action by heating_storage.capacity
        (= 0.0 in this schema), making the DHW action a no-op. Now uses dhw_storage.capacity.
        Disable with STEMSEnvironment(patch_dhw=False).
==========================================================================
  cap= 35.0kW independent | infeas=0.000 missed=  3/298 (0.010) at_risk=0.000 gridviol=0.113 peak= 73.4 cost= 6245.4
==========================================================================
[STEMS] PATCHED CityLearn defect 'dhw_storage_capacity' on 8/8 buildings.
        Building.update_dhw_storage scales the action by heating_storage.capacity
        (= 0.0 in this schema), making the DHW action a no-op. Now uses dhw_storage.capacity.
        Disable with STEMSEnvironment(patch_dhw=False).
==========================================================================
  cap= 35.0kW proportional | infeas=0.003 missed= 20/298 (0.067) at_risk=0.004 gridviol=0.009 peak= 41.4 cost= 5605.8
==========================================================================
[STEMS] PATCHED CityLearn defect 'dhw_storage_capacity' on 8/8 buildings.
        Building.update_dhw_storage scales the action by heating_storage.capacity
        (= 0.0 in this schema), making the DHW action a no-op. Now uses dhw_storage.capacity.
        Disable with STEMSEnvironment(patch_dhw=False).
==========================================================================
  cap= 35.0kW         edf | infeas=0.001 missed= 11/298 (0.037) at_risk=0.004 gridviol=0.011 peak= 42.0 cost= 5605.7

==========================================================================
[STEMS] PATCHED CityLearn defect 'dhw_storage_capacity' on 8/8 buildings.
        Building.update_dhw_storage scales the action by heating_storage.capacity
        (= 0.0 in this schema), making the DHW action a no-op. Now uses dhw_storage.capacity.
        Disable with STEMSEnvironment(patch_dhw=False).
==========================================================================
  cap= 30.0kW independent | infeas=0.000 missed=  3/298 (0.010) at_risk=0.000 gridviol=0.142 peak= 73.4 cost= 6245.4
==========================================================================
[STEMS] PATCHED CityLearn defect 'dhw_storage_capacity' on 8/8 buildings.
        Building.update_dhw_storage scales the action by heating_storage.capacity
        (= 0.0 in this schema), making the DHW action a no-op. Now uses dhw_storage.capacity.
        Disable with STEMSEnvironment(patch_dhw=False).
==========================================================================
  cap= 30.0kW proportional | infeas=0.019 missed= 58/298 (0.195) at_risk=0.014 gridviol=0.018 peak= 39.6 cost= 5436.2
==========================================================================
[STEMS] PATCHED CityLearn defect 'dhw_storage_capacity' on 8/8 buildings.
        Building.update_dhw_storage scales the action by heating_storage.capacity
        (= 0.0 in this schema), making the DHW action a no-op. Now uses dhw_storage.capacity.
        Disable with STEMSEnvironment(patch_dhw=False).
==========================================================================
  cap= 30.0kW         edf | infeas=0.019 missed= 34/298 (0.114) at_risk=0.012 gridviol=0.023 peak= 39.6 cost= 5432.9

==========================================================================
[STEMS] PATCHED CityLearn defect 'dhw_storage_capacity' on 8/8 buildings.
        Building.update_dhw_storage scales the action by heating_storage.capacity
        (= 0.0 in this schema), making the DHW action a no-op. Now uses dhw_storage.capacity.
        Disable with STEMSEnvironment(patch_dhw=False).
==========================================================================
  cap= 25.0kW independent | infeas=0.000 missed=  3/298 (0.010) at_risk=0.000 gridviol=0.179 peak= 73.4 cost= 6245.4
==========================================================================
[STEMS] PATCHED CityLearn defect 'dhw_storage_capacity' on 8/8 buildings.
        Building.update_dhw_storage scales the action by heating_storage.capacity
        (= 0.0 in this schema), making the DHW action a no-op. Now uses dhw_storage.capacity.
        Disable with STEMSEnvironment(patch_dhw=False).
==========================================================================
  cap= 25.0kW proportional | infeas=0.066 missed=115/298 (0.386) at_risk=0.031 gridviol=0.045 peak= 39.6 cost= 5141.0
==========================================================================
[STEMS] PATCHED CityLearn defect 'dhw_storage_capacity' on 8/8 buildings.
        Building.update_dhw_storage scales the action by heating_storage.capacity
        (= 0.0 in this schema), making the DHW action a no-op. Now uses dhw_storage.capacity.
        Disable with STEMSEnvironment(patch_dhw=False).
==========================================================================
  cap= 25.0kW         edf | infeas=0.075 missed= 66/298 (0.221) at_risk=0.027 gridviol=0.047 peak= 39.6 cost= 5164.5

==========================================================================
[STEMS] PATCHED CityLearn defect 'dhw_storage_capacity' on 8/8 buildings.
        Building.update_dhw_storage scales the action by heating_storage.capacity
        (= 0.0 in this schema), making the DHW action a no-op. Now uses dhw_storage.capacity.
        Disable with STEMSEnvironment(patch_dhw=False).
==========================================================================
  cap= 20.0kW independent | infeas=0.000 missed=  3/298 (0.010) at_risk=0.000 gridviol=0.219 peak= 73.4 cost= 6245.4
==========================================================================
[STEMS] PATCHED CityLearn defect 'dhw_storage_capacity' on 8/8 buildings.
        Building.update_dhw_storage scales the action by heating_storage.capacity
        (= 0.0 in this schema), making the DHW action a no-op. Now uses dhw_storage.capacity.
        Disable with STEMSEnvironment(patch_dhw=False).
==========================================================================
  cap= 20.0kW proportional | infeas=0.153 missed=170/298 (0.570) at_risk=0.049 gridviol=0.099 peak= 39.6 cost= 4794.5
==========================================================================
[STEMS] PATCHED CityLearn defect 'dhw_storage_capacity' on 8/8 buildings.
        Building.update_dhw_storage scales the action by heating_storage.capacity
        (= 0.0 in this schema), making the DHW action a no-op. Now uses dhw_storage.capacity.
        Disable with STEMSEnvironment(patch_dhw=False).
==========================================================================
  cap= 20.0kW         edf | infeas=0.152 missed=115/298 (0.386) at_risk=0.046 gridviol=0.095 peak= 39.6 cost= 4778.6

==========================================================================
[STEMS] PATCHED CityLearn defect 'dhw_storage_capacity' on 8/8 buildings.
        Building.update_dhw_storage scales the action by heating_storage.capacity
        (= 0.0 in this schema), making the DHW action a no-op. Now uses dhw_storage.capacity.
        Disable with STEMSEnvironment(patch_dhw=False).
==========================================================================
  cap= 15.0kW independent | infeas=0.000 missed=  3/298 (0.010) at_risk=0.000 gridviol=0.273 peak= 73.4 cost= 6245.4
==========================================================================
[STEMS] PATCHED CityLearn defect 'dhw_storage_capacity' on 8/8 buildings.
        Building.update_dhw_storage scales the action by heating_storage.capacity
        (= 0.0 in this schema), making the DHW action a no-op. Now uses dhw_storage.capacity.
        Disable with STEMSEnvironment(patch_dhw=False).
==========================================================================
  cap= 15.0kW proportional | infeas=0.288 missed=214/298 (0.718) at_risk=0.067 gridviol=0.201 peak= 39.6 cost= 4389.1
==========================================================================
[STEMS] PATCHED CityLearn defect 'dhw_storage_capacity' on 8/8 buildings.
        Building.update_dhw_storage scales the action by heating_storage.capacity
        (= 0.0 in this schema), making the DHW action a no-op. Now uses dhw_storage.capacity.
        Disable with STEMSEnvironment(patch_dhw=False).
==========================================================================
  cap= 15.0kW         edf | infeas=0.337 missed=179/298 (0.601) at_risk=0.075 gridviol=0.177 peak= 39.6 cost= 4249.3

[coupling] wrote coupling_study_results.json
