[STEMS] Initialising environment ...
[STEMS] env_type=CityLearn  B=8  obs_dim=30  action_dim=3
[STEMS] tricks_active=['feasibility_qp', 'real_battery_dynamics', 'anticipatory', 'robust_margins', 'pid_lagrangian']  use_cbf=True
[STEMS] per-building soc_rate=[0.2669999897480011, 0.24400000274181366, 0.5, 0.5149999856948853, 0.24400000274181366, 0.5329999923706055, 0.17800000309944153, 0.20800000429153442]
[STEMS] isolate=thermal  control_indices=[0, 2]

[STEMS] Training 15 episode(s) (full year) ...
----------------------------------------------------------------------
[STEMS] Ep  1: reward= 1289.73  viol=0.0000 (soc=0.0000)  (343.9s)
[STEMS] Ep  2: reward=  205.12  viol=0.0000 (soc=0.0000)  (413.9s)
[STEMS] Ep  3: reward=  241.97  viol=0.0000 (soc=0.0000)  (381.2s)
[STEMS] Ep  4: reward=  290.87  viol=0.0000 (soc=0.0000)  (527.8s)
[STEMS] Ep  5: reward=  264.90  viol=0.0000 (soc=0.0000)  (521.8s)
[STEMS] Ep  6: reward=  268.61  viol=0.0000 (soc=0.0000)  (423.1s)
[STEMS] Ep  7: reward=  349.98  viol=0.0000 (soc=0.0000)  (580.1s)
[STEMS] Ep  8: reward=  307.15  viol=0.0000 (soc=0.0000)  (708.9s)
[STEMS] Ep  9: reward=  429.16  viol=0.0000 (soc=0.0000)  (488.2s)
[STEMS] Ep 10: reward=  428.03  viol=0.0000 (soc=0.0000)  (388.4s)
[STEMS] Ep 11: reward=  491.29  viol=0.0000 (soc=0.0000)  (383.7s)
[STEMS] Ep 12: reward=  523.77  viol=0.0000 (soc=0.0000)  (471.4s)
[STEMS] Ep 13: reward=  530.01  viol=0.0000 (soc=0.0000)  (469.4s)
[STEMS] Ep 14: reward=  640.80  viol=0.0000 (soc=0.0000)  (439.9s)
[STEMS] Ep 15: reward=  671.04  viol=0.0000 (soc=0.0000)  (379.2s)
----------------------------------------------------------------------
[STEMS] Saved checkpoint + training_history.json to checkpoints/isolate_thermal_seed0
